// Jest Snapshot v1, https://goo.gl/fbAQLP

exports[`AbstractRoute method: get application/zip, stream normally multiple container 1`] = `"UEsDBAoACAAIAO+/vQLvv71OAAAAAAAAAAAAAAAACQAAAGZpbGUxLmJpbmNgGAXvv71gFAx3AABQSwcI77+9FwsGCwAAAO+/vQMAAFBLAwQKAAgACADvv70C77+9TgAAAAAAAAAAAAAAAAkAAABmaWxlMi5iaW7vv73vv71/FO+/ve+/vVEw77+9AQBQSwcIMDJT77+9CwAAAO+/vQMAAFBLAQIUAAoACAAIAO+/vQLvv71O77+9FwsGCwAAAO+/vQMAAAkAAAAAAAAAAAAAAAAAAAAAAGZpbGUxLmJpblBLAQIUAAoACAAIAO+/vQLvv71OMDJT77+9CwAAAO+/vQMAAAkAAAAAAAAAAAAAAAAAQgAAAGZpbGUyLmJpblBLBQYAAAAAAgACAG4AAADvv70AAAAAAA=="`;

exports[`AbstractRoute method: get application/zip, stream normally single container 1`] = `"UEsDBAoACAAIAO+/vQLvv71OAAAAAAAAAAAAAAAACQAAAGZpbGUxLmJpbmNgGAXvv71gFAx3AABQSwcI77+9FwsGCwAAAO+/vQMAAFBLAQIUAAoACAAIAO+/vQLvv71O77+9FwsGCwAAAO+/vQMAAAkAAAAAAAAAAAAAAAAAAAAAAGZpbGUxLmJpblBLBQYAAAAAAQABADcAAABCAAAAAAA="`;
